// Jest Snapshot v1, https://goo.gl/fbAQLP

exports[`Tag renders correctly 1`] = `
<a
  href="/tags/"
  style={
    Object {
      "boxShadow": "none",
      "color": "inherit",
      "fontFamily": "'Anton', sans-serif",
      "fontWeight": "bold",
      "textDecoration": "none",
      "textTransform": "uppercase",
    }
  }
>
  <div
    onMouseEnter={[Function]}
    onMouseLeave={[Function]}
    style={
      Object {
        "border": "1px dashed black",
        "cursor": "pointer",
        "margin": "5px",
        "padding": "5px 10px",
      }
    }
  >
    #
     
    
  </div>
</a>
`;
